create extension base36c;
select base36_encode_c(0);
 base36_encode_c 
-----------------
 0
(1 row)

select base36_encode_c(1);
 base36_encode_c 
-----------------
 1
(1 row)

select base36_encode_c(10);
 base36_encode_c 
-----------------
 a
(1 row)

select base36_encode_c(35);
 base36_encode_c 
-----------------
 z
(1 row)

select base36_encode_c(36);
 base36_encode_c 
-----------------
 10
(1 row)

select base36_encode_c(123456789);
 base36_encode_c 
-----------------
 21i3v9
(1 row)

